     1                                  bits 32
     2                                  
     3                                  global start        
     4                                  
     5                                  extern exit, printf, scanf
     6                                  import exit msvcrt.dll
     7                                  import printf msvcrt.dll
     8                                  import scanf msvcrt.dll
     9                                  
    10                                  ; 15
    11                                  ; Read two numbers a and b (in base 10) from the keyboard and calculate a+b. 
    12                                  ; Display the result in base 16 
    13                                  
    14                                  segment data use32 class=data
    15 00000000 00000000                    a dd 0
    16 00000004 00000000                    b dd 0
    17 00000008 61203D2000                  message_a db "a = ", 0
    18 0000000D 62203D2000                  message_b db "b = ", 0
    19 00000012 61202B2062203D2025-         message_sum db "a + b = %xh", 0
    19 0000001B 786800             
    20 0000001E 256400                      format_dec db "%d", 0
    21                                  
    22                                  segment code use32 class=code
    23                                      start:
    24                                          ; printf(message_a)
    25 00000000 68[08000000]                    push dword message_a
    26 00000005 FF15[00000000]                  call [printf]
    27 0000000B 83C404                          add esp, 4 * 1
    28                                          
    29                                          ; scanf(format_dec, a)
    30 0000000E 68[00000000]                    push dword a
    31 00000013 68[1E000000]                    push dword format_dec
    32 00000018 FF15[00000000]                  call [scanf]
    33 0000001E 83C408                          add esp, 4 * 2
    34                                          
    35                                          ; printf(message_b)
    36 00000021 68[08000000]                    push dword message_a
    37 00000026 FF15[00000000]                  call [printf]
    38 0000002C 83C404                          add esp, 4 * 1
    39                                          
    40                                          ; scanf(format_dec, b)
    41 0000002F 68[04000000]                    push dword b
    42 00000034 68[1E000000]                    push dword format_dec
    43 00000039 FF15[00000000]                  call [scanf]
    44 0000003F 83C408                          add esp, 4 * 2
    45                                          
    46 00000042 A1[00000000]                    mov eax, [a]
    47 00000047 0305[04000000]                  add eax, [b]
    48                                          
    49                                          ; printf(message_sum, eax)
    50 0000004D 50                              push dword eax
    51 0000004E 68[12000000]                    push dword message_sum
    52 00000053 FF15[00000000]                  call [printf]
    53 00000059 83C408                          add esp, 4 * 2
    54                                          
    55                                          ; exit(0)
    56 0000005C 6A00                            push dword 0
    57 0000005E FF15[00000000]                  call [exit]
